// Jest Snapshot v1, https://goo.gl/fbAQLP

exports[`FloatActionButton atom renders correctly 1`] = `
<View
  accessibilityState={
    {
      "busy": undefined,
      "checked": undefined,
      "disabled": undefined,
      "expanded": undefined,
      "selected": undefined,
    }
  }
  accessibilityValue={
    {
      "max": undefined,
      "min": undefined,
      "now": undefined,
      "text": undefined,
    }
  }
  accessible={true}
  collapsable={false}
  focusable={true}
  onBlur={[Function]}
  onClick={[Function]}
  onFocus={[Function]}
  onResponderGrant={[Function]}
  onResponderMove={[Function]}
  onResponderRelease={[Function]}
  onResponderTerminate={[Function]}
  onResponderTerminationRequest={[Function]}
  onStartShouldSetResponder={[Function]}
  style={
    [
      {
        "backgroundColor": "#237050",
      },
      {
        "borderRadius": 8,
        "shadowColor": "#000",
        "shadowOffset": {
          "height": 4,
          "width": 0,
        },
        "shadowOpacity": 0.25,
      },
      {
        "alignItems": "center",
        "borderRadius": 8,
        "justifyContent": "center",
        "paddingHorizontal": 24,
        "paddingVertical": 10,
      },
      [
        {
          "alignItems": "center",
          "borderRadius": 100,
          "justifyContent": "center",
          "position": "absolute",
          "zIndex": 100,
        },
        {
          "bottom": 24,
          "height": 48,
          "right": 24,
          "width": 48,
        },
      ],
    ]
  }
  testID="floatActionButton"
>
  <Text />
</View>
`;
