// Jest Snapshot v1, https://goo.gl/fbAQLP

exports[`Button atom renders correctly 1`] = `
<View
  accessibilityState={
    {
      "busy": undefined,
      "checked": undefined,
      "disabled": undefined,
      "expanded": undefined,
      "selected": undefined,
    }
  }
  accessibilityValue={
    {
      "max": undefined,
      "min": undefined,
      "now": undefined,
      "text": undefined,
    }
  }
  accessible={true}
  collapsable={false}
  focusable={true}
  onBlur={[Function]}
  onClick={[Function]}
  onFocus={[Function]}
  onResponderGrant={[Function]}
  onResponderMove={[Function]}
  onResponderRelease={[Function]}
  onResponderTerminate={[Function]}
  onResponderTerminationRequest={[Function]}
  onStartShouldSetResponder={[Function]}
  style={
    [
      {
        "backgroundColor": "#237050",
      },
      {
        "borderRadius": 8,
        "shadowColor": "#000",
        "shadowOffset": {
          "height": 4,
          "width": 0,
        },
        "shadowOpacity": 0.25,
      },
      {
        "alignItems": "center",
        "borderRadius": 8,
        "justifyContent": "center",
        "paddingHorizontal": 24,
        "paddingVertical": 10,
      },
      undefined,
    ]
  }
>
  <Text
    style={
      [
        {
          "color": "#000000",
        },
        undefined,
      ]
    }
  >
    Test
  </Text>
</View>
`;
